// Jest Snapshot v1, https://goo.gl/fbAQLP

exports[`dashboard-test should match the snapshot 1`] = `
<div
  class="dashboard"
/>
`;
