// Jest Snapshot v1, https://goo.gl/fbAQLP

exports[`tile-test should match the snapshot 1`] = `
<div
  class="tile"
/>
`;
